{
    "channel": "WEB_GB",
    "currency": "GBP",
    "locale": "en_GB",
    "checkoutState": "completed",
    "checkoutCompletedAt": "@string@.isDateTime()",
    "items": [
        {
            "id": @integer@,
            "quantity": 5,
            "total": 9995,
            "product": {
                "code": "LOGAN_MUG_CODE",
                "name": "Logan Mug",
                "slug": "logan-mug",
                "channelCode": "WEB_GB",
                "description": "Some description Lorem ipsum dolor sit amet.",
                "averageRating": 0,
                "taxons": {
                    "main": "MUG",
                    "others": [
                        "MUG",
                        "BRAND"
                    ]
                },
                "variants": [
                    {
                        "code": "LOGAN_MUG_CODE",
                        "name": "Logan Mug",
                        "axis": [],
                        "nameAxis": {},
                        "price": {
                            "current": 1999,
                            "currency": "GBP"
                        },
                        "originalPrice": {
                            "current": 2999,
                            "currency": "GBP"
                        },
                        "images": []
                    }
                ],
                "attributes": [
                    {
                        "code": "MUG_MATERIAL_CODE",
                        "name": "Mug material",
                        "value": [
                            "Wood"
                        ]
                    }
                ],
                "associations": [],
                "images": [
                    {
                        "code": "thumbnail",
                        "path": "/pants.jpeg",
                        "cachedPath": "http://localhost/media/cache/sylius_shop_api/pants.jpeg"
                    }
                ],
                "_links": {
                    "self": {
                        "href": "\/shop-api\/products\/by-slug\/logan-mug"
                    }
                }
            }
        }
    ],
    "totals": {
        "total": 11495,
        "items": 9995,
        "taxes": 0,
        "shipping": 1500,
        "promotion": 0
    },
    "payments": [
        {
            "state": "new",
            "method": {
                "code": "PBC",
                "name": "Pay by check",
                "description": "@string@",
                "instructions": "Please put the money in the bag!"
            },
            "price": {
                "current": 11495,
                "currency": "GBP"
            }
        }
    ],
    "shipments": [
        {
            "state": "ready",
            "method": {
                "code": "DHL",
                "name": "DHL",
                "description": "@string@",
                "price": {
                    "current": 1500,
                    "currency": "GBP"
                }
            }
        }
    ],
    "cartDiscounts": [],
    "tokenValue": "SDAOSLEFNWU35H3QLI5325",
    "number": "000000001"
}
