{
    "method": "PayPal Express Checkout",
    "type": "redirect",
    "content": {
        "url": "https://xxx"
    }
}
