{
    "method": "Offline",
    "type": "text",
    "content": "Please make bank transfer to: PL1234 1234 1234 1234."
}
