{
    "code": 400,
    "message": "Validation Failed",
    "errors": {
        "children": {
            "firstName": [],
            "lastName": [],
            "phoneNumber": [],
            "company": [],
            "countryCode": {
                "errors": [
                    "The selected choice is invalid."
                ]
            },
            "street": [],
            "city": [],
            "postcode": []
        }
    }
}
