{
  "code": 400,
  "message": "Validation Failed",
  "errors": {
    "errors": [
      "Please select proper province."
    ],
    "children": {
      "firstName": {},
      "lastName": {},
      "phoneNumber": {},
      "company": {},
      "countryCode": {},
      "street": {},
      "city": {},
      "postcode": {},
      "provinceCode": {
        "errors": [
          "This value is not valid."
        ]
      }
    }
  }
}
