{
    "code": 404,
    "message": "Channel with code WEB_GB has not been found."
}
