{
    "code": "LOGAN_T_SHIRT_CODE",
    "name": "Logan T-Shirt",
    "slug": "logan-t-shirt",
    "channelCode": "WEB_GB",
    "breadcrumb": "categories\/t-shirts\/logan-t-shirt",
    "description": "Some description Lorem ipsum dolor sit amet.",
    "averageRating": 0,
    "taxons": {
        "main": "T_SHIRTS",
        "others": [
            "WOMEN_T_SHIRTS",
            "BRAND"
        ]
    },
    "variants": {
        "SMALL_LOGAN_T_SHIRT_CODE": {
            "code": "SMALL_LOGAN_T_SHIRT_CODE",
            "name": "Small Logan T-Shirt",
            "axis": [],
            "nameAxis": {},
            "price": {
                "current": 1999,
                "currency": "GBP"
            },
            "images": [
                {
                    "code": "thumbnail",
                    "path": "\/uo\/small-tshirt.jpg"
                }
            ]
        },
        "LARGE_LOGAN_T_SHIRT_CODE": {
            "code": "LARGE_LOGAN_T_SHIRT_CODE",
            "name": "Large Logan T-Shirt",
            "axis": [],
            "nameAxis": {},
            "price": {
                "current": 2999,
                "currency": "GBP"
            },
            "images": [
                {
                    "code": "thumbnail",
                    "path": "\/uo\/large-tshirt.jpg"
                }
            ]
        }
    },
    "attributes": [],
    "associations": [],
    "images": [
        {
            "code": "thumbnail",
            "path": "\/uo\/tshirt.jpg"
        },
        {
            "code": "thumbnail",
            "path": "\/uo\/small-tshirt.jpg"
        },
        {
            "code": "thumbnail",
            "path": "\/uo\/large-tshirt.jpg"
        }
    ],
    "_links": {
        "self": {
            "href": "\/shop-api\/WEB_GB\/products\/by-slug\/logan-t-shirt"
        }
    }
}
