{
  "page": 1,
  "limit": 10,
  "pages": 1,
  "total": 1,
  "_links": {
    "self": "\/shop-api\/products\/by-phrase\/short?includeDescription=1&page=1&limit=10",
    "first": "\/shop-api\/products\/by-phrase\/short?includeDescription=1&page=1&limit=10",
    "last": "\/shop-api\/products\/by-phrase\/short?includeDescription=1&page=1&limit=10",
    "next": "\/shop-api\/products\/by-phrase\/short?includeDescription=1&page=1&limit=10"
  },
  "items": [
    {
      "code": "LOGAN_SHOES_CODE",
      "name": "Logan Shoes",
      "slug": "logan-shoes",
      "channelCode": "WEB_GB",
      "description": "Some description Lorem ipsum dolor sit amet.",
      "shortDescription": "Short description Lorem ipsum dolor sit amet.",
      "averageRating": 0,
      "taxons": {
        "others": []
      },
      "variants": [],
      "attributes": [],
      "associations": [],
      "images": [],
      "_links": {
        "self": {
          "href": "\/shop-api\/products\/by-slug\/logan-shoes"
        }
      }
    }
  ]
}
