{
    "page": 1,
    "limit": 10,
    "pages": 1,
    "total": 1,
    "_links": {
        "self": "\/shop-api\/taxon-products\/FRUITS?channel=WEB_FR&filters%5Bsearch%5D%5Btranslations.name%5D%5Bexact%5D%5B0%5D=Banane&page=1&limit=10",
        "first": "\/shop-api\/taxon-products\/FRUITS?channel=WEB_FR&filters%5Bsearch%5D%5Btranslations.name%5D%5Bexact%5D%5B0%5D=Banane&page=1&limit=10",
        "last": "\/shop-api\/taxon-products\/FRUITS?channel=WEB_FR&filters%5Bsearch%5D%5Btranslations.name%5D%5Bexact%5D%5B0%5D=Banane&page=1&limit=10",
        "next": "\/shop-api\/taxon-products\/FRUITS?channel=WEB_FR&filters%5Bsearch%5D%5Btranslations.name%5D%5Bexact%5D%5B0%5D=Banane&page=1&limit=10"
    },
    "items": [
        {
            "code": "BANANA_CODE",
            "name": "Banane",
            "slug": "banana",
            "description": "Outil de mesure.",
            "averageRating": 0,
            "taxons": {
                "main": "FRUITS",
                "others": [
                    "FRUITS"
                ]
            },
            "variants": {
                "BANANE_PLANTAIN_CODE": {
                    "code": "BANANE_PLANTAIN_CODE",
                    "name": "Banane plantain",
                    "axis": [],
                    "nameAxis": {},
                    "price": {
                        "current": 99,
                        "currency": "EUR"
                    },
                    "images": []
                }
            },
            "attributes": [],
            "associations": [],
            "images": [],
            "_links": {
                "self": {
                    "href": "\/shop-api\/products-by-slug\/banana"
                }
            }
        }
    ]
}
