{
    "code": "LOGAN_SHOES_CODE",
    "name": "Logan Shoes",
    "slug": "logan-shoes",
    "channelCode": "WEB_GB",
    "breadcrumb": "logan-shoes",
    "description": "Some description Lorem ipsum dolor sit amet.",
    "shortDescription": "Short description Lorem ipsum dolor sit amet.",
    "averageRating": 0,
    "taxons": {
        "others": []
    },
    "variants": [],
    "attributes": [],
    "associations": [],
    "images": [],
    "_links": {
        "self": {
            "href": "\/shop-api\/products\/by-slug\/logan-shoes"
        }
    }
}
