{
  "tokenValue": @string@,
  "channel": "WEB_GB",
  "currency": "GBP",
  "locale": "en_GB",
  "checkoutState": "cart",
  "items": [
    {
      "id": @integer@,
      "quantity": 3,
      "total": 5997,
      "product": {
        "code": "LOGAN_MUG_CODE",
        "name": "Logan Mug",
        "slug": "logan-mug",
        "channelCode": "WEB_GB",
        "description": "Some description Lorem ipsum dolor sit amet.",
        "averageRating": 0,
        "taxons": {
          "main": "MUG",
          "others": [
            "MUG",
            "BRAND"
          ]
        },
        "variants": [
          {
            "code": "LOGAN_MUG_CODE",
            "name": "Logan Mug",
            "axis": [],
            "nameAxis": {},
            "price": {
              "current": 1999,
              "currency": "GBP"
            },
            "images": []
          }
        ],
        "attributes": [
          {
            "code": "MUG_MATERIAL_CODE",
            "name": "Mug material",
            "value": "Wood"
          }
        ],
        "associations": [],
        "images": [
          {
            "code": "thumbnail",
            "path": "\/uo\/mug.jpg"
          }
        ],
        "_links": {
          "self": {
            "href": "\/shop-api\/WEB_GB\/products\/by-slug\/logan-mug"
          }
        }
      }
    }
  ],
  "totals": {
    "total": 5997,
    "items": 5997,
    "taxes": 0,
    "shipping": 0,
    "promotion": 0
  },
  "payments": [],
  "shipments": [],
  "cartDiscounts": []
}
