{
  "tokenValue": @string@,
  "channel": "WEB_GB",
  "currency": "GBP",
  "locale": "en_GB",
  "checkoutState": "cart",
  "items": [
    {
      "id": @integer@,
      "quantity": 3,
      "total": 5997,
      "product": {
        "code": "LOGAN_MUG_CODE",
        "name": "Logan Mug",
        "slug": "logan-mug",
        "channelCode": "WEB_GB",
        "description": "Some description Lorem ipsum dolor sit amet.",
        "averageRating": 0,
        "taxons": {
          "main": "MUG",
          "others": [
            "MUG",
            "BRAND"
          ]
        },
        "variants": [
          {
            "code": "LOGAN_MUG_CODE",
            "name": "Logan Mug",
            "axis": [],
            "nameAxis": {},
            "price": {
              "current": 1999,
              "currency": "GBP"
            },
            "images": []
          }
        ],
        "attributes": [
          {
            "code": "MUG_MATERIAL_CODE",
            "name": "Mug material",
            "value": "Wood"
          }
        ],
        "associations": [],
        "images": [
          {
            "code": "thumbnail",
            "path": "\/uo\/mug.jpg"
          }
        ],
        "_links": {
          "self": {
            "href": "\/shop-api\/WEB_GB\/products\/by-slug\/logan-mug"
          }
        }
      }
    },
    {
      "id": @integer@,
      "quantity": 3,
      "total": 5997,
      "product": {
        "code": "LOGAN_T_SHIRT_CODE",
        "name": "Logan T-Shirt",
        "slug": "logan-t-shirt",
        "channelCode": "WEB_GB",
        "description": "Some description Lorem ipsum dolor sit amet.",
        "averageRating": 0,
        "taxons": {
          "main": "T_SHIRTS",
          "others": [
            "WOMEN_T_SHIRTS",
            "BRAND"
          ]
        },
        "variants": [
          {
            "code": "SMALL_LOGAN_T_SHIRT_CODE",
            "name": "Small Logan T-Shirt",
            "axis": [],
            "nameAxis": {},
            "price": {
              "current": 1999,
              "currency": "GBP"
            },
            "images": []
          }
        ],
        "attributes": [],
        "associations": [],
        "images": [
          {
            "code": "thumbnail",
            "path": "\/uo\/tshirt.jpg"
          },
          {
            "code": "thumbnail",
            "path": "\/uo\/small-tshirt.jpg"
          },
          {
            "code": "thumbnail",
            "path": "\/uo\/large-tshirt.jpg"
          }
        ],
        "_links": {
          "self": {
            "href": "\/shop-api\/WEB_GB\/products\/by-slug\/logan-t-shirt"
          }
        }
      }
    },
    {
      "id": @integer@,
      "quantity": 3,
      "total": 1500,
      "product": {
        "code": "LOGAN_HAT_CODE",
        "name": "Logan Hat",
        "slug": "logan-hat",
        "channelCode": "WEB_GB",
        "description": "Some description Lorem ipsum dolor sit amet.",
        "averageRating": 0,
        "taxons": {
          "main": "HAT",
          "others": [
            "HAT",
            "BRAND"
          ]
        },
        "variants": [
          {
            "code": "SMALL_RED_LOGAN_HAT_CODE",
            "name": "Small Red Logan Hat",
            "axis": [
              "HAT_SIZE_S",
              "HAT_COLOR_RED"
            ],
            "nameAxis": {
              "HAT_SIZE_S": "Size S",
              "HAT_COLOR_RED": "Color Red"
            },
            "price": {
              "current": 500,
              "currency": "GBP"
            },
            "images": []
          }
        ],
        "attributes": [],
        "associations": [],
        "images": [],
        "_links": {
          "self": {
            "href": "\/shop-api\/WEB_GB\/products\/by-slug\/logan-hat"
          }
        }
      }
    }
  ],
  "totals": {
    "total": 13494,
    "items": 13494,
    "taxes": 0,
    "shipping": 0,
    "promotion": 0
  },
  "payments": [],
  "shipments": [],
  "cartDiscounts": []
}
