{
    "tokenValue": "SDAOSLEFNWU35H3QLI5325",
    "channel": "WEB_GB",
    "currency": "GBP",
    "locale": "en_GB",
    "checkoutState": "cart",
    "items": [
        {
            "id": 1,
            "quantity": 5,
            "total": 8995,
            "product": {
                "code": "LOGAN_MUG_CODE",
                "name": "Logan Mug",
                "slug": "logan-mug",
                "averageRating": 0,
                "taxons": {
                    "main": "MUG",
                    "others": [
                        "MUG",
                        "BRAND"
                    ]
                },
                "variants": [
                    {
                        "code": "LOGAN_MUG_CODE",
                        "name": "Logan Mug",
                        "axis": [],
                        "nameAxis": {},
                        "price": {
                            "current": 1999
                        },
                        "images": [],
                        "appliedPromotions": []
                    }
                ],
                "attributes": [
                    {
                        "code": "MUG_MATERIAL_CODE",
                        "name": "Mug material",
                        "value": "Wood"
                    }
                ],
                "associations": [],
                "images": [
                    {
                        "code": "thumbnail",
                        "path": "\/uo\/mug.jpg"
                    }
                ],
                "_links": {
                    "self": {
                        "href": "\/shop-api\/products-by-slug\/logan-mug"
                    }
                }
            }
        }
    ],
    "totals": {
        "total": 8995,
        "items": 8995,
        "taxes": 0,
        "shipping": 0,
        "promotion": -1000
    },
    "payments": [],
    "shipments": []
}
