{
    "tokenValue": "SDAOSLEFNWU35H3QLI5325",
    "channel": "WEB_DE",
    "currency": "EUR",
    "locale": "de_DE",
    "checkoutState": "cart",
    "items": [
        {
            "id": @integer@,
            "quantity": 5,
            "total": 10495,
            "product": {
                "code": "LOGAN_MUG_CODE",
                "name": "Logan Becher",
                "slug": "logan-becher",
                "channelCode": "WEB_DE",
                "averageRating": 0,
                "taxons": {
                    "main": "MUG",
                    "others": [
                        "MUG",
                        "BRAND"
                    ]
                },
                "variants": [
                    {
                        "code": "LOGAN_MUG_CODE",
                        "name": "Logan Becher",
                        "axis": [],
                        "nameAxis": {},
                        "price": {
                            "current": 2099,
                            "currency": "EUR"
                        },
                        "images": []
                    }
                ],
                "attributes": [
                    {
                        "code": "MUG_MATERIAL_CODE",
                        "name": "Becher Material",
                        "value": "Holz"
                    }
                ],
                "associations": [],
                "images": [
                    {
                        "code": "thumbnail",
                        "path": "\/uo\/mug.jpg"
                    }
                ],
                "_links": {
                    "self": {
                        "href": "\/shop-api\/WEB_DE\/products\/by-slug\/logan-becher"
                    }
                }
            }
        }
    ],
    "totals": {
        "total": 10495,
        "items": 10495,
        "taxes": 0,
        "shipping": 0,
        "promotion": 0
    },
    "payments": [],
    "shipments": [],
    "cartDiscounts": []
}
