{
    "code": 400,
    "message": "Your order total has been changed, check your order information and confirm it again."
}
