{
    "code": 401,
    "message": "Bad credentials"
}
