{
    "defaultAddress": {
        "firstName": "@string@",
        "lastName": "@string@",
        "countryCode": "@string@",
        "street": "@string@",
        "city": "@string@",
        "postcode": "@string@"
    },
    "addresses": "@array@"

}
