{
    "code": 400,
    "message": "You haven't provide a locale!"
}
