[
    {
        "id": @integer@,
        "code": "GB",
        "name": "United Kingdom"
    }
]
