{
    "tokenValue": "SDAOSLEFNWU35H3QLI5325",
    "channel": "WEB_GB",
    "currency": "GBP",
    "locale": "en_GB",
    "checkoutState": "addressed",
    "items": [
        {
            "id": @integer@,
            "quantity": 5,
            "total": 9995,
            "product": {
                "code": "LOGAN_MUG_CODE",
                "name": "Logan Mug",
                "slug": "logan-mug",
                "channelCode": "WEB_GB",
                "description": "Some description Lorem ipsum dolor sit amet.",
                "averageRating": 0,
                "taxons": {
                    "main": "MUG",
                    "others": [
                        "MUG",
                        "BRAND"
                    ]
                },
                "variants": [
                    {
                        "code": "LOGAN_MUG_CODE",
                        "name": "Logan Mug",
                        "axis": [],
                        "nameAxis": {},
                        "price": {
                            "current": 1999,
                            "currency": "GBP"
                        },
                        "images": []
                    }
                ],
                "attributes": [
                    {
                        "code": "MUG_MATERIAL_CODE",
                        "name": "Mug material",
                        "value": "Wood"
                    }
                ],
                "associations": [],
                "images": [
                    {
                        "code": "thumbnail",
                        "path": "\/uo\/mug.jpg"
                    }
                ],
                "_links": {
                    "self": {
                        "href": "\/shop-api\/WEB_GB\/products\/by-slug\/logan-mug"
                    }
                }
            }
        }
    ],
    "totals": {
        "total": 9995,
        "items": 9995,
        "taxes": 0,
        "shipping": 0,
        "promotion": 0
    },
    "shippingAddress": {
        "firstName": "Sherlock",
        "lastName": "Holmes",
        "countryCode": "GB",
        "street": "Baker Street 221b",
        "city": "London",
        "postcode": "NW1",
        "provinceName": "Greater London"
    },
    "billingAddress": {
        "firstName": "John",
        "lastName": "Watson",
        "countryCode": "GB",
        "street": "Baker Street 21b",
        "city": "London",
        "postcode": "NW1",
        "provinceName": "Greater London"
    },
    "payments": [],
    "shipments": [],
    "cartDiscounts": []
}
