{
    "shipments": [
        {
            "methods": {
                "DHL": {
                    "code": "DHL",
                    "name": "DHL",
                    "description": "@string@",
                    "price": {
                        "current": 1500
                    }
                }
            }
        }
    ]
}
